[paradise_pai/index.html]
[backblue.gif]
[fade.gif]
[index.html]
[paradise_pai/indexfef7.html]
[paradise_pai/index0016.html]
[paradise_pai/indexa209.html]
[paradise_pai/index7d7c.html]
[paradise_pai/index0b8e.html]
[paradise_pai/indexde3a.html]
[paradise_pai/indexf854.html]
[paradise_pai/index9e29.html]
[paradise_pai/index232e.html]
[paradise_pai/index28b7.html]
[paradise_pai/index6dd3.html]
[paradise_pai/indexc581.html]
[paradise_pai/index539c.html]
[paradise_pai/indexecc8.html]
[paradise_pai/indexaaeb.html]
[paradise_pai/indexdc29.html]
[paradise_pai/indexc91a.html]
[paradise_pai/index014b.html]
[paradise_pai/index0cf2.html]
[paradise_pai/indexb2db.html]
[paradise_pai/index7c40.html]
[paradise_pai/index.html]
[paradise_pai/index5a9d.html]
[paradise_pai/index4017.html]
[paradise_pai/index1672.html]
[paradise_pai/index9201.html]
[paradise_pai/index5083.html]
[paradise_pai/index7a92.html]
[paradise_pai/indexc13b.html]
[paradise_pai/index9e3e.html]
[paradise_pai/index9841.html]
[paradise_pai/indexd294.html]
[paradise_pai/index0f5d.html]
[paradise_pai/index5303.html]
[paradise_pai/indexfef7.html]
[paradise_pai/indexdb1e.html]
[paradise_pai/index7d7c.html]
[paradise_pai/indexe9b2.html]
[paradise_pai/indexa209.html]
[paradise_pai/indexad0b.html]
[paradise_pai/indexff11.html]
[paradise_pai/index0016.html]
[paradise_pai/index6c7f.html]
[paradise_pai/indexde3a.html]
[paradise_pai/index327f.html]
[paradise_pai/indexf857.html]
[paradise_pai/index0b8e.html]
[paradise_pai/index882e.html]
[paradise_pai/indexf854.html]
[paradise_pai/index030f.html]
[paradise_pai/index9e29.html]
[paradise_pai/indexb058.html]
[paradise_pai/index232e.html]
[paradise_pai/index9d29.html]
[paradise_pai/index28b7.html]
[paradise_pai/index0fe5.html]
[paradise_pai/index6dd3.html]
[paradise_pai/index3a7e.html]
[paradise_pai/indexc581.html]
[paradise_pai/index2a81.html]
[paradise_pai/indexc4e8.html]
[paradise_pai/index539c.html]
[paradise_pai/indexcfe2.html]
[paradise_pai/indexecc8.html]
[paradise_pai/index562e.html]
[paradise_pai/indexaaeb.html]
[paradise_pai/index241a.html]
[paradise_pai/indexdc29.html]
[paradise_pai/index53ad.html]
[paradise_pai/index014b.html]
[paradise_pai/index9c85.html]
[paradise_pai/indexc91a.html]
[paradise_pai/indexf4a3.html]
[paradise_pai/index0cf2.html]
[paradise_pai/indexfafd.html]
[paradise_pai/index7c40.html]
[paradise_pai/android-app_/com.instagram.android/https/instagram.com/_u/paradise_pai/index.html]
[paradise_pai/index514d.html]
[paradise_pai/index4017.html]
[paradise_pai/index9d00.html]
[paradise_pai/news.com.au/index.html]
[paradise_pai/index5a9d.html]
[paradise_pai/kollosche.com.au/index.html]
[paradise_pai/indexb2db.html]
[paradise_pai/awstrack.me/index.html]
[paradise_pai/index9201.html]
[paradise_pai/2GasTq/index.html]
[paradise_pai/index1672.html]
[paradise_pai/theaustralian.com.au/index.html]
[paradise_pai/index5083.html]
[paradise_pai/a6wZSt/index.html]
[paradise_pai/index7a92.html]
[paradise_pai/indexc13b.html]
[paradise_pai/index9e3e.html]
[paradise_pai/index9841.html]
[paradise_pai/indexd294.html]
[paradise_pai/index0f5d.html]
[paradise_pai/indexad0b.html]
[paradise_pai/index5303.html]
[paradise_pai/indexdb1e.html]
[paradise_pai/indexe9b2.html]
[paradise_pai/indexff11.html]
[paradise_pai/indexf857.html]
[paradise_pai/index882e.html]
[paradise_pai/index6c7f.html]
[paradise_pai/index327f.html]
[paradise_pai/index3a7e.html]
[paradise_pai/index030f.html]
[paradise_pai/indexb058.html]
[paradise_pai/index9d29.html]
[paradise_pai/index0fe5.html]
[paradise_pai/index2a81.html]
[paradise_pai/indexc4e8.html]
[paradise_pai/index9c85.html]
[paradise_pai/indexcfe2.html]
[paradise_pai/index562e.html]
[paradise_pai/index241a.html]
[paradise_pai/index53ad.html]
[paradise_pai/index9d00.html]
[paradise_pai/indexf4a3.html]
[paradise_pai/indexfafd.html]
[paradise_pai/index514d.html]
[paradise_pai/android-app_/com.instagram.android/https/instagram.com/_u/paradise_pai/index.html]
[paradise_pai/+JEgiZ/index.html]
[paradise_pai/vzy417/index.html]
[paradise_pai/9nEeAW/index.html]
[paradise_pai/theaustralian.com.au/indexfef7.html]
[paradise_pai/theaustralian.com.au/theaustralian.com.9.delayed]
[paradise_pai/theaustralian.com.au/indexa209.html]
[paradise_pai/theaustralian.com.au/index7d7c.html]
[paradise_pai/theaustralian.com.au/index0016.html]
[paradise_pai/theaustralian.com.au/indexde3a.html]
[paradise_pai/theaustralian.com.au/news.com.au]
[paradise_pai/theaustralian.com.au/index232e.html]
[paradise_pai/theaustralian.com.au/index0b8e.html]
[paradise_pai/theaustralian.com.au/index9e29.html]
[paradise_pai/theaustralian.com.au/kollosche.com.au]
[paradise_pai/theaustralian.com.au/indexf854.html]
[paradise_pai/theaustralian.com.au/indexc581.html]
[paradise_pai/theaustralian.com.au/index28b7.html]
[paradise_pai/theaustralian.com.au/index6dd3.html]
[paradise_pai/theaustralian.com.au/awstrack.me]
[paradise_pai/theaustralian.com.au/indexdc29.html]
[paradise_pai/theaustralian.com.au/indexaaeb.html]
[paradise_pai/theaustralian.com.au/indexecc8.html]
[paradise_pai/theaustralian.com.au/index539c.html]
[paradise_pai/theaustralian.com.au/vzy417]
[paradise_pai/theaustralian.com.au/indexc91a.html]
[paradise_pai/theaustralian.com.au/index014b.html]
[paradise_pai/theaustralian.com.au/index7c40.html]
[paradise_pai/theaustralian.com.au/index0cf2.html]
[paradise_pai/theaustralian.com.au/a6wZSt]
[paradise_pai/theaustralian.com.au/index5a9d.html]
[paradise_pai/theaustralian.com.au/index4017.html]
[paradise_pai/theaustralian.com.au/index9201.html]
[paradise_pai/theaustralian.com.au/2GasTq]
[paradise_pai/theaustralian.com.au/indexb2db.html]
[paradise_pai/theaustralian.com.au/index5083.html]
[paradise_pai/theaustralian.com.au/index7a92.html]
[paradise_pai/theaustralian.com.au/index1672.html]
[paradise_pai/theaustralian.com.au/+JEgiZ]
[paradise_pai/theaustralian.com.au/9nEeAW]
[paradise_pai/theaustralian.com.au/index.html]
[paradise_pai/theaustralian.com.au/index9e3e.html]
[paradise_pai/theaustralian.com.au/indexc13b.html]
[paradise_pai/theaustralian.com.au/indexd294.html]
[paradise_pai/theaustralian.com.au/index9841.html]
[paradise_pai/news.com.au/theaustralian.com.au]
[paradise_pai/theaustralian.com.au/index0f5d.html]
[paradise_pai/theaustralian.com.au/index5303.html]
[paradise_pai/theaustralian.com.au/indexad0b.html]
[paradise_pai/theaustralian.com.au/indexdb1e.html]
[paradise_pai/news.com.au/news.com.au]
[paradise_pai/theaustralian.com.au/index882e.html]
[paradise_pai/theaustralian.com.au/indexff11.html]
[paradise_pai/theaustralian.com.au/indexf857.html]
[paradise_pai/theaustralian.com.au/indexe9b2.html]
[paradise_pai/news.com.au/kollosche.com.au]
[paradise_pai/theaustralian.com.au/index327f.html]
[paradise_pai/theaustralian.com.au/index3a7e.html]
[paradise_pai/theaustralian.com.au/index6c7f.html]
[paradise_pai/theaustralian.com.au/index030f.html]
[paradise_pai/news.com.au/awstrack.me]
[paradise_pai/theaustralian.com.au/index0fe5.html]
[paradise_pai/theaustralian.com.au/index2a81.html]
[paradise_pai/theaustralian.com.au/index9d29.html]
[paradise_pai/news.com.au/2GasTq]
[paradise_pai/theaustralian.com.au/indexb058.html]
[paradise_pai/theaustralian.com.au/index9c85.html]
[paradise_pai/theaustralian.com.au/indexc4e8.html]
[paradise_pai/theaustralian.com.au/indexcfe2.html]
[paradise_pai/news.com.au/vzy417]
[paradise_pai/theaustralian.com.au/index9d00.html]
[paradise_pai/theaustralian.com.au/index562e.html]
[paradise_pai/theaustralian.com.au/index53ad.html]
[paradise_pai/theaustralian.com.au/index241a.html]
[paradise_pai/news.com.au/a6wZSt]
[paradise_pai/theaustralian.com.au/indexfafd.html]
[paradise_pai/theaustralian.com.au/android-app_/com.instagram.android/https/instagram.com/_u/paradise_pai/index.html]
[paradise_pai/theaustralian.com.au/indexf4a3.html]
[paradise_pai/news.com.au/+JEgiZ]
[paradise_pai/theaustralian.com.au/index514d.html]
[paradise_pai/news.com.au/indexa209.html]
[paradise_pai/news.com.au/9nEeAW]
[paradise_pai/news.com.au/index.html]
[paradise_pai/news.com.au/index7d7c.html]
[paradise_pai/news.com.au/indexde3a.html]
[paradise_pai/news.com.au/index0016.html]
[paradise_pai/news.com.au/indexfef7.html]
[paradise_pai/news.com.au/index0b8e.html]
[paradise_pai/kollosche.com.au/theaustralian.com.au]
[paradise_pai/news.com.au/indexf854.html]
[paradise_pai/news.com.au/index28b7.html]
[paradise_pai/news.com.au/index9e29.html]
[paradise_pai/news.com.au/index232e.html]
[paradise_pai/kollosche.com.au/news.com.au]
[paradise_pai/news.com.au/index6dd3.html]
[paradise_pai/news.com.au/index539c.html]
[paradise_pai/news.com.au/indexecc8.html]
[paradise_pai/news.com.au/indexc581.html]
[paradise_pai/kollosche.com.au/kollosche.com.au]
[paradise_pai/news.com.au/indexdc29.html]
[paradise_pai/news.com.au/index014b.html]
[paradise_pai/news.com.au/indexc91a.html]
[paradise_pai/news.com.au/indexaaeb.html]
[paradise_pai/kollosche.com.au/awstrack.me]
[paradise_pai/news.com.au/index0cf2.html]
[paradise_pai/news.com.au/index4017.html]
[paradise_pai/news.com.au/index5a9d.html]
[paradise_pai/kollosche.com.au/2GasTq]
[paradise_pai/news.com.au/index7c40.html]
[paradise_pai/news.com.au/index1672.html]
[paradise_pai/news.com.au/index9201.html]
[paradise_pai/news.com.au/indexb2db.html]
[paradise_pai/kollosche.com.au/vzy417]
[paradise_pai/news.com.au/index9e3e.html]
[paradise_pai/news.com.au/indexc13b.html]
[paradise_pai/news.com.au/index5083.html]
[paradise_pai/news.com.au/index7a92.html]
[paradise_pai/kollosche.com.au/a6wZSt]
[paradise_pai/news.com.au/index9841.html]
[paradise_pai/news.com.au/indexd294.html]
[paradise_pai/news.com.au/indexad0b.html]
[paradise_pai/kollosche.com.au/+JEgiZ]
[paradise_pai/news.com.au/index0f5d.html]
[paradise_pai/news.com.au/index5303.html]
[paradise_pai/news.com.au/indexe9b2.html]
[paradise_pai/news.com.au/indexdb1e.html]
[paradise_pai/kollosche.com.au/9nEeAW]
[paradise_pai/kollosche.com.au/index.html]
[paradise_pai/news.com.au/index882e.html]
[paradise_pai/news.com.au/indexf857.html]
[paradise_pai/news.com.au/indexff11.html]
[paradise_pai/news.com.au/index6c7f.html]
[paradise_pai/news.com.au/index327f.html]
[paradise_pai/awstrack.me/theaustralian.com.au]
[paradise_pai/news.com.au/index3a7e.html]
[paradise_pai/news.com.au/indexb058.html]
[paradise_pai/news.com.au/index030f.html]
[paradise_pai/news.com.au/index9d29.html]
[paradise_pai/awstrack.me/news.com.au]
[paradise_pai/awstrack.me/kollosche.com.au]
[paradise_pai/awstrack.me/awstrack.me]
[paradise_pai/news.com.au/index2a81.html]
[paradise_pai/news.com.au/indexc4e8.html]
[paradise_pai/news.com.au/index0fe5.html]
[paradise_pai/news.com.au/index9c85.html]
[paradise_pai/awstrack.me/2GasTq]
[paradise_pai/news.com.au/index241a.html]
[paradise_pai/news.com.au/index562e.html]
[paradise_pai/news.com.au/index53ad.html]
[paradise_pai/awstrack.me/vzy417]
[paradise_pai/news.com.au/indexcfe2.html]
[paradise_pai/news.com.au/indexf4a3.html]
[paradise_pai/news.com.au/index9d00.html]
[paradise_pai/news.com.au/indexfafd.html]
[paradise_pai/awstrack.me/a6wZSt]
[paradise_pai/news.com.au/android-app_/com.instagram.android/https/instagram.com/_u/paradise_pai/index.html]
[paradise_pai/kollosche.com.au/index7d7c.html]
[paradise_pai/news.com.au/index514d.html]
[paradise_pai/kollosche.com.au/indexfef7.html]
[paradise_pai/awstrack.me/+JEgiZ]
[paradise_pai/kollosche.com.au/indexde3a.html]
[paradise_pai/kollosche.com.au/indexa209.html]
[paradise_pai/kollosche.com.au/index0b8e.html]
[paradise_pai/kollosche.com.au/index0016.html]
[paradise_pai/awstrack.me/9nEeAW]
[paradise_pai/awstrack.me/index.html]
[paradise_pai/kollosche.com.au/indexf854.html]
[paradise_pai/kollosche.com.au/index232e.html]
[paradise_pai/kollosche.com.au/index9e29.html]
[paradise_pai/kollosche.com.au/indexc581.html]
[paradise_pai/kollosche.com.au/index28b7.html]
[paradise_pai/2GasTq/theaustralian.com.au]
[paradise_pai/kollosche.com.au/index6dd3.html]
[paradise_pai/kollosche.com.au/indexecc8.html]
[paradise_pai/kollosche.com.au/index539c.html]
[paradise_pai/kollosche.com.au/indexaaeb.html]
[paradise_pai/2GasTq/news.com.au]
[paradise_pai/2GasTq/kollosche.com.au]
[paradise_pai/2GasTq/awstrack.me]
[paradise_pai/kollosche.com.au/index014b.html]
[paradise_pai/kollosche.com.au/indexc91a.html]
[paradise_pai/kollosche.com.au/index0cf2.html]
[paradise_pai/kollosche.com.au/indexdc29.html]
[paradise_pai/2GasTq/2GasTq]
[paradise_pai/kollosche.com.au/index7c40.html]
[paradise_pai/kollosche.com.au/index5a9d.html]
[paradise_pai/kollosche.com.au/indexb2db.html]
[paradise_pai/kollosche.com.au/index4017.html]
[paradise_pai/2GasTq/vzy417]
[paradise_pai/2GasTq/a6wZSt]
[paradise_pai/kollosche.com.au/index5083.html]
[paradise_pai/kollosche.com.au/index1672.html]
[paradise_pai/kollosche.com.au/index7a92.html]
[paradise_pai/kollosche.com.au/index9201.html]
[paradise_pai/2GasTq/+JEgiZ]
[paradise_pai/kollosche.com.au/indexc13b.html]
[paradise_pai/kollosche.com.au/index9841.html]
[paradise_pai/kollosche.com.au/index9e3e.html]
[paradise_pai/kollosche.com.au/indexd294.html]
[paradise_pai/2GasTq/9nEeAW]
[paradise_pai/2GasTq/index.html]
[paradise_pai/kollosche.com.au/index5303.html]
[paradise_pai/kollosche.com.au/indexdb1e.html]
[paradise_pai/kollosche.com.au/index0f5d.html]
[paradise_pai/kollosche.com.au/indexad0b.html]
[paradise_pai/kollosche.com.au/indexe9b2.html]
[paradise_pai/vzy417/theaustralian.com.au]
[paradise_pai/kollosche.com.au/indexff11.html]
[paradise_pai/kollosche.com.au/indexf857.html]
[paradise_pai/kollosche.com.au/index882e.html]
[paradise_pai/kollosche.com.au/index6c7f.html]
[paradise_pai/vzy417/news.com.au]
[paradise_pai/kollosche.com.au/index3a7e.html]
[paradise_pai/kollosche.com.au/index030f.html]
[paradise_pai/kollosche.com.au/index327f.html]
[paradise_pai/kollosche.com.au/indexb058.html]
[paradise_pai/vzy417/kollosche.com.au]
[paradise_pai/kollosche.com.au/indexc4e8.html]
[paradise_pai/kollosche.com.au/index2a81.html]
[paradise_pai/kollosche.com.au/index0fe5.html]
[paradise_pai/kollosche.com.au/index9d29.html]
[paradise_pai/vzy417/awstrack.me]
[paradise_pai/kollosche.com.au/index241a.html]
[paradise_pai/kollosche.com.au/indexcfe2.html]
[paradise_pai/kollosche.com.au/index9c85.html]
[paradise_pai/vzy417/vzy417]
[paradise_pai/kollosche.com.au/index562e.html]
[paradise_pai/kollosche.com.au/index9d00.html]
[paradise_pai/kollosche.com.au/index53ad.html]
[paradise_pai/kollosche.com.au/indexf4a3.html]
[paradise_pai/vzy417/a6wZSt]
[paradise_pai/kollosche.com.au/index514d.html]
[paradise_pai/kollosche.com.au/android-app_/com.instagram.android/https/instagram.com/_u/paradise_pai/index.html]
[paradise_pai/kollosche.com.au/indexfafd.html]
[paradise_pai/vzy417/2GasTq]
[paradise_pai/awstrack.me/indexfef7.html]
[paradise_pai/awstrack.me/index0016.html]
[paradise_pai/awstrack.me/indexa209.html]
[paradise_pai/vzy417/+JEgiZ]
[paradise_pai/awstrack.me/index7d7c.html]
[paradise_pai/awstrack.me/index0b8e.html]
[paradise_pai/awstrack.me/indexde3a.html]
[paradise_pai/vzy417/9nEeAW]
[paradise_pai/vzy417/index.html]
[paradise_pai/awstrack.me/indexf854.html]
[paradise_pai/awstrack.me/index232e.html]
[paradise_pai/awstrack.me/index28b7.html]
[paradise_pai/awstrack.me/index6dd3.html]
[paradise_pai/awstrack.me/index9e29.html]
[paradise_pai/a6wZSt/theaustralian.com.au]
[paradise_pai/awstrack.me/indexc581.html]
[paradise_pai/awstrack.me/indexecc8.html]
[paradise_pai/awstrack.me/index539c.html]
[paradise_pai/awstrack.me/indexaaeb.html]
[paradise_pai/a6wZSt/news.com.au]
[paradise_pai/a6wZSt/kollosche.com.au]
[paradise_pai/awstrack.me/indexc91a.html]
[paradise_pai/awstrack.me/indexdc29.html]
[paradise_pai/a6wZSt/awstrack.me]
[paradise_pai/awstrack.me/index0cf2.html]
[paradise_pai/awstrack.me/index014b.html]
[paradise_pai/awstrack.me/index4017.html]
[paradise_pai/awstrack.me/index7c40.html]
[paradise_pai/a6wZSt/2GasTq]
[paradise_pai/awstrack.me/index5a9d.html]
[paradise_pai/awstrack.me/index9201.html]
[paradise_pai/awstrack.me/index1672.html]
[paradise_pai/awstrack.me/indexb2db.html]
[paradise_pai/a6wZSt/vzy417]
[paradise_pai/awstrack.me/index5083.html]
[paradise_pai/awstrack.me/index7a92.html]
[paradise_pai/awstrack.me/indexc13b.html]
[paradise_pai/a6wZSt/a6wZSt]
[paradise_pai/awstrack.me/index9e3e.html]
[paradise_pai/awstrack.me/index9841.html]
[paradise_pai/awstrack.me/index0f5d.html]
[paradise_pai/awstrack.me/indexd294.html]
[paradise_pai/a6wZSt/+JEgiZ]
[paradise_pai/awstrack.me/indexe9b2.html]
[paradise_pai/awstrack.me/index5303.html]
[paradise_pai/awstrack.me/indexad0b.html]
[paradise_pai/a6wZSt/9nEeAW]
[paradise_pai/a6wZSt/index.html]
[paradise_pai/awstrack.me/indexdb1e.html]
[paradise_pai/awstrack.me/index882e.html]
[paradise_pai/awstrack.me/indexf857.html]
[paradise_pai/awstrack.me/indexff11.html]
[paradise_pai/awstrack.me/index6c7f.html]
[paradise_pai/+JEgiZ/theaustralian.com.au]
[paradise_pai/awstrack.me/indexb058.html]
[paradise_pai/awstrack.me/index030f.html]
[paradise_pai/awstrack.me/index3a7e.html]
[paradise_pai/awstrack.me/index327f.html]
[paradise_pai/+JEgiZ/news.com.au]
[paradise_pai/+JEgiZ/kollosche.com.au]
[paradise_pai/awstrack.me/index9d29.html]
[paradise_pai/awstrack.me/index0fe5.html]
[paradise_pai/awstrack.me/indexc4e8.html]
[paradise_pai/awstrack.me/index2a81.html]
[paradise_pai/+JEgiZ/awstrack.me]
[paradise_pai/awstrack.me/index241a.html]
[paradise_pai/awstrack.me/index9c85.html]
[paradise_pai/awstrack.me/index562e.html]
[paradise_pai/awstrack.me/indexcfe2.html]
[paradise_pai/+JEgiZ/2GasTq]
[paradise_pai/awstrack.me/indexf4a3.html]
[paradise_pai/awstrack.me/indexfafd.html]
[paradise_pai/awstrack.me/index9d00.html]
[paradise_pai/+JEgiZ/vzy417]
[paradise_pai/awstrack.me/index53ad.html]
[paradise_pai/awstrack.me/android-app_/com.instagram.android/https/instagram.com/_u/paradise_pai/index.html]
[paradise_pai/awstrack.me/index514d.html]
[paradise_pai/2GasTq/indexfef7.html]
[paradise_pai/+JEgiZ/a6wZSt]
[paradise_pai/2GasTq/indexa209.html]
[paradise_pai/2GasTq/index0016.html]
[paradise_pai/2GasTq/indexde3a.html]
[paradise_pai/2GasTq/index7d7c.html]
[paradise_pai/+JEgiZ/+JEgiZ]
[paradise_pai/2GasTq/index232e.html]
[paradise_pai/2GasTq/index0b8e.html]
[paradise_pai/2GasTq/index9e29.html]
[paradise_pai/2GasTq/indexf854.html]
[paradise_pai/+JEgiZ/9nEeAW]
[paradise_pai/+JEgiZ/index.html]
[paradise_pai/2GasTq/index6dd3.html]
[paradise_pai/2GasTq/index539c.html]
[paradise_pai/2GasTq/indexc581.html]
[paradise_pai/2GasTq/index28b7.html]
[paradise_pai/2GasTq/indexecc8.html]
[paradise_pai/9nEeAW/theaustralian.com.au]
[paradise_pai/2GasTq/index014b.html]
[paradise_pai/2GasTq/indexdc29.html]
[paradise_pai/2GasTq/indexc91a.html]
[paradise_pai/2GasTq/indexaaeb.html]
[paradise_pai/9nEeAW/news.com.au]
[paradise_pai/2GasTq/index0cf2.html]
[paradise_pai/2GasTq/index5a9d.html]
[paradise_pai/2GasTq/index7c40.html]
[paradise_pai/2GasTq/index4017.html]
[paradise_pai/9nEeAW/kollosche.com.au]
[paradise_pai/2GasTq/index1672.html]
[paradise_pai/2GasTq/index9201.html]
[paradise_pai/2GasTq/indexb2db.html]
[paradise_pai/2GasTq/index5083.html]
[paradise_pai/9nEeAW/awstrack.me]
[paradise_pai/2GasTq/index7a92.html]
[paradise_pai/2GasTq/index9841.html]
[paradise_pai/2GasTq/index9e3e.html]
[paradise_pai/2GasTq/indexc13b.html]
[paradise_pai/9nEeAW/vzy417]
[paradise_pai/2GasTq/indexd294.html]
[paradise_pai/2GasTq/index0f5d.html]
[paradise_pai/2GasTq/index5303.html]
[paradise_pai/2GasTq/indexad0b.html]
[paradise_pai/9nEeAW/a6wZSt]
[paradise_pai/2GasTq/indexff11.html]
[paradise_pai/2GasTq/indexdb1e.html]
[paradise_pai/2GasTq/indexe9b2.html]
[paradise_pai/2GasTq/indexf857.html]
[paradise_pai/9nEeAW/2GasTq]
[paradise_pai/2GasTq/index327f.html]
[paradise_pai/2GasTq/index882e.html]
[paradise_pai/2GasTq/index3a7e.html]
[paradise_pai/2GasTq/index6c7f.html]
[paradise_pai/9nEeAW/+JEgiZ]
[paradise_pai/2GasTq/index030f.html]
[paradise_pai/2GasTq/index9d29.html]
[paradise_pai/2GasTq/index0fe5.html]
[paradise_pai/2GasTq/indexb058.html]
[paradise_pai/9nEeAW/9nEeAW]
[paradise_pai/9nEeAW/index.html]
[paradise_pai/2GasTq/indexc4e8.html]
[paradise_pai/2GasTq/index2a81.html]
[paradise_pai/2GasTq/indexcfe2.html]
[paradise_pai/2GasTq/index562e.html]
[paradise_pai/2GasTq/index53ad.html]
[paradise_pai/2GasTq/index241a.html]
[paradise_pai/2GasTq/index9c85.html]
[paradise_pai/2GasTq/index9d00.html]
[paradise_pai/theaustralian.com.au/indexfef7.html]
[paradise_pai/2GasTq/indexf4a3.html]
[paradise_pai/2GasTq/indexfafd.html]
[paradise_pai/theaustralian.com.au/index7d7c.html]
[paradise_pai/2GasTq/android-app_/com.instagram.android/https/instagram.com/_u/paradise_pai/index.html]
[paradise_pai/theaustralian.com.au/indexa209.html]
[paradise_pai/vzy417/indexfef7.html]
[paradise_pai/theaustralian.com.au/index0016.html]
[paradise_pai/vzy417/index7d7c.html]
[paradise_pai/theaustralian.com.au/indexde3a.html]
[paradise_pai/vzy417/indexa209.html]
[paradise_pai/2GasTq/index514d.html]
[paradise_pai/theaustralian.com.au/index0b8e.html]
[paradise_pai/vzy417/indexde3a.html]
[paradise_pai/theaustralian.com.au/indexf854.html]
[paradise_pai/vzy417/index0b8e.html]
[paradise_pai/theaustralian.com.au/index9e29.html]
[paradise_pai/vzy417/index9e29.html]
[paradise_pai/theaustralian.com.au/index232e.html]
[paradise_pai/vzy417/indexf854.html]
[paradise_pai/theaustralian.com.au/index28b7.html]
[paradise_pai/vzy417/index0016.html]
[paradise_pai/theaustralian.com.au/index6dd3.html]
[paradise_pai/vzy417/index6dd3.html]
[paradise_pai/theaustralian.com.au/indexc581.html]
[paradise_pai/vzy417/index28b7.html]
[paradise_pai/theaustralian.com.au/index539c.html]
[paradise_pai/vzy417/indexc581.html]
[paradise_pai/theaustralian.com.au/indexecc8.html]
[paradise_pai/vzy417/index539c.html]
[paradise_pai/vzy417/indexecc8.html]
[paradise_pai/theaustralian.com.au/indexaaeb.html]
[paradise_pai/vzy417/index232e.html]
[paradise_pai/theaustralian.com.au/indexdc29.html]
[paradise_pai/vzy417/indexaaeb.html]
[paradise_pai/theaustralian.com.au/index014b.html]
[paradise_pai/vzy417/indexdc29.html]
[paradise_pai/theaustralian.com.au/indexc91a.html]
[paradise_pai/vzy417/index014b.html]
[paradise_pai/theaustralian.com.au/index0cf2.html]
[paradise_pai/vzy417/indexc91a.html]
[paradise_pai/theaustralian.com.au/index7c40.html]
[paradise_pai/vzy417/index0cf2.html]
[paradise_pai/theaustralian.com.au/index4017.html]
[paradise_pai/vzy417/index7c40.html]
[paradise_pai/theaustralian.com.au/index5a9d.html]
[paradise_pai/vzy417/index4017.html]
[paradise_pai/theaustralian.com.au/indexb2db.html]
[paradise_pai/vzy417/index5a9d.html]
[paradise_pai/theaustralian.com.au/index9201.html]
[paradise_pai/vzy417/indexb2db.html]
[paradise_pai/theaustralian.com.au/index1672.html]
[paradise_pai/vzy417/index9201.html]
[paradise_pai/theaustralian.com.au/index5083.html]
[paradise_pai/vzy417/index1672.html]
[paradise_pai/theaustralian.com.au/index7a92.html]
[paradise_pai/vzy417/index5083.html]
[paradise_pai/theaustralian.com.au/indexc13b.html]
[paradise_pai/vzy417/index7a92.html]
[paradise_pai/theaustralian.com.au/index9e3e.html]
[paradise_pai/vzy417/indexc13b.html]
[paradise_pai/theaustralian.com.au/index9841.html]
[paradise_pai/vzy417/index9e3e.html]
[paradise_pai/theaustralian.com.au/indexd294.html]
[paradise_pai/vzy417/index9841.html]
[paradise_pai/vzy417/indexd294.html]
[paradise_pai/theaustralian.com.au/index0f5d.html]
[paradise_pai/vzy417/index0f5d.html]
[paradise_pai/theaustralian.com.au/indexad0b.html]
[paradise_pai/vzy417/indexad0b.html]
[paradise_pai/theaustralian.com.au/index5303.html]
[paradise_pai/vzy417/indexdb1e.html]
[paradise_pai/vzy417/indexe9b2.html]
[paradise_pai/theaustralian.com.au/indexdb1e.html]
[paradise_pai/vzy417/indexff11.html]
[paradise_pai/vzy417/indexf857.html]
[paradise_pai/theaustralian.com.au/indexe9b2.html]
[paradise_pai/vzy417/index5303.html]
[paradise_pai/theaustralian.com.au/indexff11.html]
[paradise_pai/vzy417/index882e.html]
[paradise_pai/theaustralian.com.au/indexf857.html]
[paradise_pai/vzy417/index6c7f.html]
[paradise_pai/theaustralian.com.au/index882e.html]
[paradise_pai/vzy417/index327f.html]
[paradise_pai/theaustralian.com.au/index6c7f.html]
[paradise_pai/theaustralian.com.au/index327f.html]
[paradise_pai/theaustralian.com.au/index3a7e.html]
[paradise_pai/theaustralian.com.au/index030f.html]
[paradise_pai/theaustralian.com.au/indexb058.html]
[paradise_pai/theaustralian.com.au/index9d29.html]
[paradise_pai/theaustralian.com.au/index0fe5.html]
[paradise_pai/theaustralian.com.au/index2a81.html]
[paradise_pai/theaustralian.com.au/indexc4e8.html]
[paradise_pai/theaustralian.com.au/index9c85.html]
[paradise_pai/theaustralian.com.au/indexcfe2.html]
[paradise_pai/theaustralian.com.au/index562e.html]
[paradise_pai/theaustralian.com.au/index241a.html]
[paradise_pai/theaustralian.com.au/index53ad.html]
[paradise_pai/theaustralian.com.au/index9d00.html]
[paradise_pai/theaustralian.com.au/indexf4a3.html]
[paradise_pai/theaustralian.com.au/indexfafd.html]
[paradise_pai/theaustralian.com.au/index514d.html]
[paradise_pai/theaustralian.com.au/android-app_/com.instagram.android/https/instagram.com/_u/paradise_pai/index.html]
[paradise_pai/theaustralian.com.au/vzy417.html]
[paradise_pai/theaustralian.com.au/a6wZSt.html]
[paradise_pai/theaustralian.com.au/2GasTq.html]
[paradise_pai/theaustralian.com.au/+JEgiZ.html]
[paradise_pai/theaustralian.com.au/9nEeAW.html]
[paradise_pai/news.com.au/indexfef7.html]
[paradise_pai/news.com.au/index7d7c.html]
[paradise_pai/news.com.au/indexa209.html]
[paradise_pai/news.com.au/index0016.html]
[paradise_pai/news.com.au/indexde3a.html]
[paradise_pai/news.com.au/index0b8e.html]
[paradise_pai/news.com.au/indexf854.html]
[paradise_pai/news.com.au/index9e29.html]
[paradise_pai/news.com.au/index232e.html]
[paradise_pai/news.com.au/index28b7.html]
[paradise_pai/news.com.au/index6dd3.html]
[paradise_pai/news.com.au/indexc581.html]
[paradise_pai/news.com.au/index539c.html]
[paradise_pai/news.com.au/indexecc8.html]
[paradise_pai/news.com.au/indexaaeb.html]
[paradise_pai/news.com.au/indexdc29.html]
[paradise_pai/news.com.au/index014b.html]
[paradise_pai/news.com.au/indexc91a.html]
[paradise_pai/news.com.au/index0cf2.html]
[paradise_pai/news.com.au/index7c40.html]
[paradise_pai/news.com.au/index4017.html]
[paradise_pai/news.com.au/index5a9d.html]
[paradise_pai/news.com.au/indexb2db.html]
[paradise_pai/news.com.au/index9201.html]
[paradise_pai/news.com.au/index1672.html]
[paradise_pai/news.com.au/index5083.html]
[paradise_pai/news.com.au/index7a92.html]
[paradise_pai/news.com.au/indexc13b.html]
[paradise_pai/news.com.au/index9e3e.html]
[paradise_pai/news.com.au/index9841.html]
[paradise_pai/news.com.au/indexd294.html]
[paradise_pai/news.com.au/index0f5d.html]
[paradise_pai/news.com.au/indexad0b.html]
[paradise_pai/news.com.au/index5303.html]
[paradise_pai/news.com.au/indexdb1e.html]
[paradise_pai/news.com.au/indexe9b2.html]
[paradise_pai/news.com.au/indexff11.html]
[paradise_pai/news.com.au/indexf857.html]
[paradise_pai/news.com.au/index882e.html]
[paradise_pai/news.com.au/index6c7f.html]
[paradise_pai/news.com.au/index327f.html]
[paradise_pai/news.com.au/index3a7e.html]
[paradise_pai/news.com.au/index030f.html]
[paradise_pai/news.com.au/indexb058.html]
[paradise_pai/news.com.au/index9d29.html]
[paradise_pai/news.com.au/index0fe5.html]
[paradise_pai/news.com.au/index2a81.html]
[paradise_pai/news.com.au/indexc4e8.html]
[paradise_pai/news.com.au/index9c85.html]
[paradise_pai/news.com.au/indexcfe2.html]
[paradise_pai/news.com.au/index562e.html]
[paradise_pai/news.com.au/index241a.html]
[paradise_pai/news.com.au/index53ad.html]
[paradise_pai/news.com.au/index9d00.html]
[paradise_pai/news.com.au/indexf4a3.html]
[paradise_pai/news.com.au/indexfafd.html]
[paradise_pai/news.com.au/index514d.html]
[paradise_pai/news.com.au/android-app_/com.instagram.android/https/instagram.com/_u/paradise_pai/index.html]
[paradise_pai/news.com.au/2GasTq.html]
[paradise_pai/news.com.au/vzy417.html]
[paradise_pai/news.com.au/a6wZSt.html]
[paradise_pai/news.com.au/+JEgiZ.html]
[paradise_pai/news.com.au/9nEeAW.html]
[paradise_pai/kollosche.com.au/indexfef7.html]
[paradise_pai/kollosche.com.au/index7d7c.html]
[paradise_pai/kollosche.com.au/indexa209.html]
[paradise_pai/kollosche.com.au/index0016.html]
[paradise_pai/kollosche.com.au/indexde3a.html]
[paradise_pai/kollosche.com.au/index0b8e.html]
[paradise_pai/kollosche.com.au/indexf854.html]
[paradise_pai/kollosche.com.au/index9e29.html]
[paradise_pai/kollosche.com.au/index232e.html]
[paradise_pai/kollosche.com.au/index28b7.html]
[paradise_pai/kollosche.com.au/index6dd3.html]
[paradise_pai/kollosche.com.au/indexc581.html]
[paradise_pai/kollosche.com.au/index539c.html]
[paradise_pai/kollosche.com.au/indexecc8.html]
[paradise_pai/kollosche.com.au/indexaaeb.html]
[paradise_pai/kollosche.com.au/indexdc29.html]
[paradise_pai/kollosche.com.au/index014b.html]
[paradise_pai/kollosche.com.au/indexc91a.html]
[paradise_pai/kollosche.com.au/index0cf2.html]
[paradise_pai/kollosche.com.au/index7c40.html]
[paradise_pai/kollosche.com.au/index4017.html]
[paradise_pai/kollosche.com.au/index5a9d.html]
[paradise_pai/kollosche.com.au/indexb2db.html]
[paradise_pai/kollosche.com.au/index9201.html]
[paradise_pai/kollosche.com.au/index1672.html]
[paradise_pai/kollosche.com.au/index5083.html]
[paradise_pai/kollosche.com.au/index7a92.html]
[paradise_pai/kollosche.com.au/indexc13b.html]
[paradise_pai/kollosche.com.au/index9e3e.html]
[paradise_pai/kollosche.com.au/index9841.html]
[paradise_pai/kollosche.com.au/indexd294.html]
[paradise_pai/kollosche.com.au/index0f5d.html]
[paradise_pai/kollosche.com.au/indexad0b.html]
[paradise_pai/kollosche.com.au/index5303.html]
[paradise_pai/kollosche.com.au/indexdb1e.html]
[paradise_pai/kollosche.com.au/indexe9b2.html]
[paradise_pai/kollosche.com.au/indexff11.html]
[paradise_pai/kollosche.com.au/indexf857.html]
[paradise_pai/kollosche.com.au/index882e.html]
[paradise_pai/kollosche.com.au/index6c7f.html]
[paradise_pai/kollosche.com.au/index327f.html]
[paradise_pai/kollosche.com.au/index3a7e.html]
[paradise_pai/kollosche.com.au/index030f.html]
[paradise_pai/kollosche.com.au/indexb058.html]
[paradise_pai/kollosche.com.au/index9d29.html]
[paradise_pai/kollosche.com.au/index0fe5.html]
[paradise_pai/kollosche.com.au/index2a81.html]
[paradise_pai/kollosche.com.au/indexc4e8.html]
[paradise_pai/kollosche.com.au/index9c85.html]
[paradise_pai/kollosche.com.au/indexcfe2.html]
[paradise_pai/kollosche.com.au/index562e.html]
[paradise_pai/kollosche.com.au/index241a.html]
[paradise_pai/kollosche.com.au/index53ad.html]
[paradise_pai/kollosche.com.au/index9d00.html]
[paradise_pai/kollosche.com.au/indexf4a3.html]
[paradise_pai/kollosche.com.au/indexfafd.html]
[paradise_pai/kollosche.com.au/index514d.html]
[paradise_pai/kollosche.com.au/android-app_/com.instagram.android/https/instagram.com/_u/paradise_pai/index.html]
[paradise_pai/kollosche.com.au/2GasTq.html]
[paradise_pai/kollosche.com.au/vzy417.html]
[paradise_pai/kollosche.com.au/a6wZSt.html]
[paradise_pai/kollosche.com.au/+JEgiZ.html]
[paradise_pai/kollosche.com.au/9nEeAW.html]
[paradise_pai/awstrack.me/indexfef7.html]
[paradise_pai/awstrack.me/index7d7c.html]
[paradise_pai/awstrack.me/indexa209.html]
[paradise_pai/awstrack.me/index0016.html]
[paradise_pai/awstrack.me/indexde3a.html]
[paradise_pai/awstrack.me/index0b8e.html]
[paradise_pai/awstrack.me/indexf854.html]
[paradise_pai/awstrack.me/index9e29.html]
[paradise_pai/awstrack.me/index232e.html]
[paradise_pai/awstrack.me/index28b7.html]
[paradise_pai/awstrack.me/index6dd3.html]
[paradise_pai/awstrack.me/indexc581.html]
[paradise_pai/awstrack.me/index539c.html]
[paradise_pai/awstrack.me/indexecc8.html]
[paradise_pai/awstrack.me/indexaaeb.html]
[paradise_pai/awstrack.me/indexdc29.html]
[paradise_pai/awstrack.me/index014b.html]
[paradise_pai/awstrack.me/indexc91a.html]
[paradise_pai/awstrack.me/index0cf2.html]
[paradise_pai/awstrack.me/index7c40.html]
[paradise_pai/awstrack.me/index4017.html]
[paradise_pai/awstrack.me/index5a9d.html]
[paradise_pai/awstrack.me/indexb2db.html]
[paradise_pai/awstrack.me/index9201.html]
[paradise_pai/awstrack.me/index1672.html]
[paradise_pai/awstrack.me/index5083.html]
[paradise_pai/awstrack.me/index7a92.html]
[paradise_pai/awstrack.me/indexc13b.html]
[paradise_pai/awstrack.me/index9e3e.html]
[paradise_pai/awstrack.me/index9841.html]
[paradise_pai/awstrack.me/indexd294.html]
[paradise_pai/awstrack.me/index0f5d.html]
[paradise_pai/awstrack.me/indexad0b.html]
[paradise_pai/awstrack.me/index5303.html]
[paradise_pai/awstrack.me/indexdb1e.html]
[paradise_pai/awstrack.me/indexe9b2.html]
[paradise_pai/awstrack.me/indexff11.html]
[paradise_pai/awstrack.me/indexf857.html]
[paradise_pai/awstrack.me/index882e.html]
[paradise_pai/awstrack.me/index6c7f.html]
[paradise_pai/awstrack.me/index327f.html]
[paradise_pai/awstrack.me/index3a7e.html]
[paradise_pai/awstrack.me/index030f.html]
[paradise_pai/awstrack.me/indexb058.html]
[paradise_pai/awstrack.me/index9d29.html]
[paradise_pai/awstrack.me/index0fe5.html]
[paradise_pai/awstrack.me/index2a81.html]
[paradise_pai/awstrack.me/indexc4e8.html]
[paradise_pai/awstrack.me/index9c85.html]
[paradise_pai/awstrack.me/indexcfe2.html]
[paradise_pai/awstrack.me/index562e.html]
[paradise_pai/awstrack.me/index241a.html]
[paradise_pai/awstrack.me/index53ad.html]
[paradise_pai/awstrack.me/index9d00.html]
[paradise_pai/awstrack.me/indexf4a3.html]
[paradise_pai/awstrack.me/indexfafd.html]
[paradise_pai/awstrack.me/index514d.html]
[paradise_pai/awstrack.me/android-app_/com.instagram.android/https/instagram.com/_u/paradise_pai/index.html]
[paradise_pai/awstrack.me/2GasTq.html]
[paradise_pai/awstrack.me/vzy417.html]
[paradise_pai/awstrack.me/a6wZSt.html]
[paradise_pai/awstrack.me/+JEgiZ.html]
[paradise_pai/awstrack.me/9nEeAW.html]
[paradise_pai/2GasTq/indexfef7.html]
[paradise_pai/2GasTq/index7d7c.html]
[paradise_pai/2GasTq/indexa209.html]
[paradise_pai/2GasTq/index0016.html]
[paradise_pai/2GasTq/indexde3a.html]
[paradise_pai/2GasTq/index0b8e.html]
[paradise_pai/2GasTq/indexf854.html]
[paradise_pai/2GasTq/index9e29.html]
[paradise_pai/2GasTq/index232e.html]
[paradise_pai/2GasTq/index28b7.html]
[paradise_pai/2GasTq/index6dd3.html]
[paradise_pai/2GasTq/indexc581.html]
[paradise_pai/2GasTq/index539c.html]
[paradise_pai/2GasTq/indexecc8.html]
[paradise_pai/2GasTq/indexaaeb.html]
[paradise_pai/2GasTq/indexdc29.html]
[paradise_pai/2GasTq/index014b.html]
[paradise_pai/2GasTq/indexc91a.html]
[paradise_pai/2GasTq/index0cf2.html]
[paradise_pai/2GasTq/index7c40.html]
[paradise_pai/2GasTq/index4017.html]
[paradise_pai/2GasTq/index5a9d.html]
[paradise_pai/2GasTq/indexb2db.html]
[paradise_pai/2GasTq/index9201.html]
[paradise_pai/2GasTq/index1672.html]
[paradise_pai/2GasTq/index5083.html]
[paradise_pai/2GasTq/index7a92.html]
[paradise_pai/2GasTq/indexc13b.html]
[paradise_pai/2GasTq/index9e3e.html]
[paradise_pai/2GasTq/index9841.html]
[paradise_pai/2GasTq/indexd294.html]
[paradise_pai/2GasTq/index0f5d.html]
[paradise_pai/2GasTq/indexad0b.html]
[paradise_pai/2GasTq/index5303.html]
[paradise_pai/2GasTq/indexdb1e.html]
[paradise_pai/2GasTq/indexe9b2.html]
[paradise_pai/2GasTq/indexff11.html]
[paradise_pai/2GasTq/indexf857.html]
[paradise_pai/2GasTq/index882e.html]
[paradise_pai/2GasTq/index6c7f.html]
[paradise_pai/2GasTq/index327f.html]
[paradise_pai/2GasTq/index3a7e.html]
[paradise_pai/2GasTq/index030f.html]
[paradise_pai/2GasTq/indexb058.html]
[paradise_pai/2GasTq/index9d29.html]
[paradise_pai/2GasTq/index0fe5.html]
[paradise_pai/2GasTq/index2a81.html]
[paradise_pai/2GasTq/indexc4e8.html]
[paradise_pai/2GasTq/index9c85.html]
[paradise_pai/2GasTq/indexcfe2.html]
[paradise_pai/2GasTq/index562e.html]
[paradise_pai/2GasTq/index241a.html]
[paradise_pai/2GasTq/index53ad.html]
[paradise_pai/2GasTq/index9d00.html]
[paradise_pai/2GasTq/indexf4a3.html]
[paradise_pai/2GasTq/indexfafd.html]
[paradise_pai/2GasTq/index514d.html]
[paradise_pai/2GasTq/android-app_/com.instagram.android/https/instagram.com/_u/paradise_pai/index.html]
[paradise_pai/2GasTq/2GasTq.html]
[paradise_pai/2GasTq/vzy417.html]
[paradise_pai/2GasTq/a6wZSt.html]
[paradise_pai/2GasTq/+JEgiZ.html]
[paradise_pai/2GasTq/9nEeAW.html]
[paradise_pai/vzy417/indexfef7.html]
[paradise_pai/vzy417/index7d7c.html]
[paradise_pai/vzy417/indexa209.html]
[paradise_pai/vzy417/index0016.html]
[paradise_pai/vzy417/indexde3a.html]
[paradise_pai/vzy417/index0b8e.html]
[paradise_pai/vzy417/indexf854.html]
[paradise_pai/vzy417/index9e29.html]
[paradise_pai/vzy417/index232e.html]
[paradise_pai/vzy417/index28b7.html]
[paradise_pai/vzy417/index6dd3.html]
[paradise_pai/vzy417/indexc581.html]
[paradise_pai/vzy417/index539c.html]
[paradise_pai/vzy417/indexecc8.html]
[paradise_pai/vzy417/indexaaeb.html]
[paradise_pai/vzy417/indexdc29.html]
[paradise_pai/vzy417/index014b.html]
[paradise_pai/vzy417/indexc91a.html]
[paradise_pai/vzy417/index0cf2.html]
[paradise_pai/vzy417/index7c40.html]
[paradise_pai/vzy417/index4017.html]
[paradise_pai/vzy417/index5a9d.html]
[paradise_pai/vzy417/indexb2db.html]
[paradise_pai/vzy417/index9201.html]
[paradise_pai/vzy417/index1672.html]
[paradise_pai/vzy417/index5083.html]
[paradise_pai/vzy417/index7a92.html]
[paradise_pai/vzy417/indexc13b.html]
[paradise_pai/vzy417/index9e3e.html]
[paradise_pai/vzy417/index9841.html]
[paradise_pai/vzy417/indexd294.html]
[paradise_pai/vzy417/index0f5d.html]
[paradise_pai/vzy417/indexad0b.html]
[paradise_pai/vzy417/index5303.html]
[paradise_pai/vzy417/indexdb1e.html]
[paradise_pai/vzy417/indexe9b2.html]
[paradise_pai/vzy417/indexff11.html]
[paradise_pai/vzy417/indexf857.html]
[paradise_pai/vzy417/index882e.html]
[paradise_pai/vzy417/index6c7f.html]
[paradise_pai/vzy417/index327f.html]
[paradise_pai/vzy417/index3a7e.html]
[paradise_pai/vzy417/index3a7e.html]
[paradise_pai/vzy417/index030f.html]
[paradise_pai/vzy417/index030f.html]
[paradise_pai/vzy417/indexb058.html]
[paradise_pai/vzy417/indexb058.html]
[paradise_pai/vzy417/index9d29.html]
[paradise_pai/vzy417/index0fe5.html]
[paradise_pai/vzy417/index2a81.html]
[paradise_pai/vzy417/indexc4e8.html]
[paradise_pai/vzy417/index9c85.html]
[paradise_pai/vzy417/indexcfe2.html]
[paradise_pai/vzy417/index562e.html]
[paradise_pai/vzy417/index241a.html]
[paradise_pai/vzy417/index53ad.html]
[paradise_pai/vzy417/index9d00.html]
[paradise_pai/vzy417/indexf4a3.html]
[paradise_pai/vzy417/indexfafd.html]
[paradise_pai/vzy417/index514d.html]
[paradise_pai/vzy417/android-app_/com.instagram.android/https/instagram.com/_u/paradise_pai/index.html]
[paradise_pai/vzy417/vzy417.html]
[paradise_pai/vzy417/a6wZSt.html]
[paradise_pai/vzy417/2GasTq.html]
[paradise_pai/vzy417/+JEgiZ.html]
[paradise_pai/vzy417/9nEeAW.html]
[paradise_pai/a6wZSt/indexfef7.html]
[paradise_pai/a6wZSt/index7d7c.html]
[paradise_pai/a6wZSt/indexa209.html]
[paradise_pai/a6wZSt/index0016.html]
[paradise_pai/a6wZSt/indexde3a.html]
[paradise_pai/a6wZSt/index0b8e.html]
[paradise_pai/a6wZSt/indexf854.html]
[paradise_pai/a6wZSt/index9e29.html]
[paradise_pai/a6wZSt/index232e.html]
[paradise_pai/a6wZSt/index28b7.html]
[paradise_pai/a6wZSt/index6dd3.html]
[paradise_pai/a6wZSt/indexc581.html]
[paradise_pai/a6wZSt/index539c.html]
[paradise_pai/a6wZSt/indexecc8.html]
[paradise_pai/a6wZSt/indexaaeb.html]
[paradise_pai/a6wZSt/indexdc29.html]
[paradise_pai/a6wZSt/index014b.html]
[paradise_pai/a6wZSt/indexc91a.html]
[paradise_pai/a6wZSt/index0cf2.html]
[paradise_pai/a6wZSt/index7c40.html]
[paradise_pai/a6wZSt/index4017.html]
[paradise_pai/a6wZSt/index5a9d.html]
[paradise_pai/a6wZSt/indexb2db.html]
[paradise_pai/a6wZSt/index9201.html]
[paradise_pai/a6wZSt/index1672.html]
[paradise_pai/a6wZSt/index5083.html]
[paradise_pai/a6wZSt/index7a92.html]
[paradise_pai/a6wZSt/indexc13b.html]
[paradise_pai/a6wZSt/index9e3e.html]
[paradise_pai/a6wZSt/index9841.html]
[paradise_pai/a6wZSt/indexd294.html]
[paradise_pai/a6wZSt/index0f5d.html]
[paradise_pai/a6wZSt/indexad0b.html]
[paradise_pai/a6wZSt/index5303.html]
[paradise_pai/a6wZSt/indexdb1e.html]
[paradise_pai/a6wZSt/indexe9b2.html]
[paradise_pai/a6wZSt/indexff11.html]
[paradise_pai/a6wZSt/indexf857.html]
[paradise_pai/a6wZSt/index882e.html]
[paradise_pai/a6wZSt/index6c7f.html]
[paradise_pai/a6wZSt/index327f.html]
[paradise_pai/a6wZSt/index3a7e.html]
[paradise_pai/a6wZSt/index030f.html]
[paradise_pai/a6wZSt/indexb058.html]
[paradise_pai/a6wZSt/index9d29.html]
[paradise_pai/a6wZSt/index0fe5.html]
[paradise_pai/a6wZSt/index2a81.html]
[paradise_pai/a6wZSt/indexc4e8.html]
[paradise_pai/a6wZSt/index9c85.html]
[paradise_pai/a6wZSt/indexcfe2.html]
[paradise_pai/a6wZSt/index562e.html]
[paradise_pai/a6wZSt/index241a.html]
[paradise_pai/a6wZSt/index53ad.html]
[paradise_pai/a6wZSt/index9d00.html]
[paradise_pai/a6wZSt/indexf4a3.html]
[paradise_pai/a6wZSt/indexfafd.html]
[paradise_pai/a6wZSt/index514d.html]
[paradise_pai/a6wZSt/android-app_/com.instagram.android/https/instagram.com/_u/paradise_pai/index.html]
[paradise_pai/a6wZSt/2GasTq.html]
[paradise_pai/a6wZSt/vzy417.html]
[paradise_pai/a6wZSt/a6wZSt.html]
[paradise_pai/a6wZSt/+JEgiZ.html]
[paradise_pai/a6wZSt/9nEeAW.html]
[paradise_pai/+JEgiZ/indexfef7.html]
[paradise_pai/+JEgiZ/index7d7c.html]
[paradise_pai/+JEgiZ/indexa209.html]
[paradise_pai/+JEgiZ/index0016.html]
[paradise_pai/+JEgiZ/indexde3a.html]
[paradise_pai/+JEgiZ/index0b8e.html]
[paradise_pai/+JEgiZ/indexf854.html]
[paradise_pai/+JEgiZ/index9e29.html]
[paradise_pai/+JEgiZ/index232e.html]
[paradise_pai/+JEgiZ/index28b7.html]
[paradise_pai/+JEgiZ/index6dd3.html]
[paradise_pai/+JEgiZ/indexc581.html]
[paradise_pai/+JEgiZ/index539c.html]
[paradise_pai/+JEgiZ/indexecc8.html]
[paradise_pai/+JEgiZ/indexaaeb.html]
[paradise_pai/+JEgiZ/indexdc29.html]
[paradise_pai/+JEgiZ/index014b.html]
[paradise_pai/+JEgiZ/indexc91a.html]
[paradise_pai/+JEgiZ/index0cf2.html]
[paradise_pai/+JEgiZ/index7c40.html]
[paradise_pai/+JEgiZ/index4017.html]
[paradise_pai/+JEgiZ/index5a9d.html]
[paradise_pai/+JEgiZ/indexb2db.html]
[paradise_pai/+JEgiZ/index9201.html]
[paradise_pai/+JEgiZ/index1672.html]
[paradise_pai/+JEgiZ/index5083.html]
[paradise_pai/+JEgiZ/index7a92.html]
[paradise_pai/+JEgiZ/indexc13b.html]
[paradise_pai/+JEgiZ/index9e3e.html]
[paradise_pai/+JEgiZ/index9841.html]
[paradise_pai/+JEgiZ/indexd294.html]
[paradise_pai/+JEgiZ/index0f5d.html]
[paradise_pai/+JEgiZ/indexad0b.html]
[paradise_pai/+JEgiZ/index5303.html]
[paradise_pai/+JEgiZ/indexdb1e.html]
[paradise_pai/+JEgiZ/indexe9b2.html]
[paradise_pai/+JEgiZ/indexff11.html]
[paradise_pai/+JEgiZ/indexf857.html]
[paradise_pai/+JEgiZ/index882e.html]
[paradise_pai/+JEgiZ/index6c7f.html]
[paradise_pai/+JEgiZ/index327f.html]
[paradise_pai/+JEgiZ/index3a7e.html]
[paradise_pai/+JEgiZ/index030f.html]
[paradise_pai/+JEgiZ/indexb058.html]
[paradise_pai/+JEgiZ/index9d29.html]
[paradise_pai/+JEgiZ/index0fe5.html]
[paradise_pai/+JEgiZ/index2a81.html]
[paradise_pai/+JEgiZ/indexc4e8.html]
[paradise_pai/+JEgiZ/index9c85.html]
[paradise_pai/+JEgiZ/indexcfe2.html]
[paradise_pai/+JEgiZ/index562e.html]
[paradise_pai/+JEgiZ/index241a.html]
[paradise_pai/+JEgiZ/index53ad.html]
[paradise_pai/+JEgiZ/index9d00.html]
[paradise_pai/+JEgiZ/indexf4a3.html]
[paradise_pai/+JEgiZ/indexfafd.html]
[paradise_pai/+JEgiZ/index514d.html]
[paradise_pai/+JEgiZ/android-app_/com.instagram.android/https/instagram.com/_u/paradise_pai/index.html]
[paradise_pai/+JEgiZ/2GasTq.html]
[paradise_pai/+JEgiZ/vzy417.html]
[paradise_pai/+JEgiZ/a6wZSt.html]
[paradise_pai/+JEgiZ/+JEgiZ.html]
[paradise_pai/+JEgiZ/9nEeAW.html]
[paradise_pai/9nEeAW/indexfef7.html]
[paradise_pai/9nEeAW/index7d7c.html]
[paradise_pai/9nEeAW/indexa209.html]
[paradise_pai/9nEeAW/index0016.html]
[paradise_pai/9nEeAW/indexde3a.html]
[paradise_pai/9nEeAW/index0b8e.html]
[paradise_pai/9nEeAW/indexf854.html]
[paradise_pai/9nEeAW/index9e29.html]
[paradise_pai/9nEeAW/index232e.html]
[paradise_pai/9nEeAW/index28b7.html]
[paradise_pai/9nEeAW/index6dd3.html]
[paradise_pai/9nEeAW/indexc581.html]
[paradise_pai/9nEeAW/index539c.html]
[paradise_pai/9nEeAW/indexecc8.html]
[paradise_pai/9nEeAW/indexaaeb.html]
[paradise_pai/9nEeAW/indexdc29.html]
[paradise_pai/9nEeAW/index014b.html]
[paradise_pai/9nEeAW/indexc91a.html]
[paradise_pai/9nEeAW/index0cf2.html]
[paradise_pai/9nEeAW/index7c40.html]
[paradise_pai/9nEeAW/index4017.html]
[paradise_pai/9nEeAW/index5a9d.html]
[paradise_pai/9nEeAW/indexb2db.html]
[paradise_pai/9nEeAW/index9201.html]
[paradise_pai/9nEeAW/index1672.html]
[paradise_pai/9nEeAW/index5083.html]
[paradise_pai/9nEeAW/index7a92.html]
[paradise_pai/9nEeAW/indexc13b.html]
[paradise_pai/9nEeAW/index9e3e.html]
[paradise_pai/9nEeAW/index9841.html]
[paradise_pai/9nEeAW/indexd294.html]
[paradise_pai/9nEeAW/index0f5d.html]
[paradise_pai/9nEeAW/indexad0b.html]
[paradise_pai/9nEeAW/index5303.html]
[paradise_pai/9nEeAW/indexdb1e.html]
[paradise_pai/9nEeAW/indexe9b2.html]
[paradise_pai/9nEeAW/indexff11.html]
[paradise_pai/9nEeAW/indexf857.html]
[paradise_pai/9nEeAW/index882e.html]
[paradise_pai/9nEeAW/index6c7f.html]
[paradise_pai/9nEeAW/index327f.html]
[paradise_pai/9nEeAW/index3a7e.html]
[paradise_pai/9nEeAW/index030f.html]
[paradise_pai/9nEeAW/indexb058.html]
[paradise_pai/9nEeAW/index9d29.html]
[paradise_pai/9nEeAW/index0fe5.html]
[paradise_pai/9nEeAW/index2a81.html]
[paradise_pai/9nEeAW/indexc4e8.html]
[paradise_pai/9nEeAW/index9c85.html]
[paradise_pai/9nEeAW/indexcfe2.html]
[paradise_pai/9nEeAW/index562e.html]
[paradise_pai/9nEeAW/index241a.html]
[paradise_pai/9nEeAW/index53ad.html]
[paradise_pai/9nEeAW/index9d00.html]
[paradise_pai/9nEeAW/indexf4a3.html]
[paradise_pai/9nEeAW/indexfafd.html]
[paradise_pai/9nEeAW/index514d.html]
[paradise_pai/9nEeAW/android-app_/com.instagram.android/https/instagram.com/_u/paradise_pai/index.html]
[paradise_pai/9nEeAW/vzy417.html]
[paradise_pai/9nEeAW/a6wZSt.html]
[paradise_pai/9nEeAW/2GasTq.html]
[paradise_pai/9nEeAW/+JEgiZ.html]
[paradise_pai/9nEeAW/9nEeAW.html]
[paradise_pai/theaustralian.com.au/theaustralian.com.html]
[paradise_pai/theaustralian.com.au/news.com.html]
[paradise_pai/theaustralian.com.au/kollosche.com.html]
[paradise_pai/theaustralian.com.au/awstrack.html]
[paradise_pai/news.com.au/theaustralian.com.html]
[paradise_pai/news.com.au/news.com.html]
[paradise_pai/news.com.au/kollosche.com.html]
[paradise_pai/news.com.au/awstrack.html]
[paradise_pai/kollosche.com.au/theaustralian.com.html]
[paradise_pai/kollosche.com.au/news.com.html]
[paradise_pai/kollosche.com.au/kollosche.com.html]
[paradise_pai/kollosche.com.au/awstrack.html]
[paradise_pai/awstrack.me/theaustralian.com.html]
[paradise_pai/awstrack.me/news.com.html]
[paradise_pai/awstrack.me/kollosche.com.html]
[paradise_pai/awstrack.me/awstrack.html]
[paradise_pai/2GasTq/theaustralian.com.html]
[paradise_pai/2GasTq/news.com.html]
[paradise_pai/2GasTq/kollosche.com.html]
[paradise_pai/2GasTq/awstrack.html]
[paradise_pai/vzy417/theaustralian.com.html]
[paradise_pai/vzy417/news.com.html]
[paradise_pai/vzy417/kollosche.com.html]
[paradise_pai/vzy417/awstrack.html]
[paradise_pai/a6wZSt/theaustralian.com.html]
[paradise_pai/a6wZSt/news.com.html]
[paradise_pai/a6wZSt/kollosche.com.html]
[paradise_pai/a6wZSt/awstrack.html]
[paradise_pai/+JEgiZ/theaustralian.com.html]
[paradise_pai/+JEgiZ/news.com.html]
[paradise_pai/+JEgiZ/kollosche.com.html]
[paradise_pai/+JEgiZ/awstrack.html]
[paradise_pai/9nEeAW/theaustralian.com.html]
[paradise_pai/9nEeAW/news.com.html]
[paradise_pai/9nEeAW/kollosche.com.html]
[paradise_pai/9nEeAW/awstrack.html]
